2026-01-05 16:07:31,382 [INFO] -----------
2026-01-05 16:07:31,384 [INFO] Starting one-shot bot...
2026-01-05 16:07:31,669 [INFO] HTTP Request: POST https://api.telegram.org/bot8084223298:AAF0bnTCct6D99FPHul1ezTse5cS7jLQFsM/getMe "HTTP/1.1 200 OK"
2026-01-05 16:07:33,889 [INFO] 2026-01-05 16:07:33.889130
2026-01-05 16:07:33,889 [INFO] Weekly Report message request.
2026-01-05 16:07:33,997 [INFO] HTTP Request: POST https://api.telegram.org/bot8084223298:AAF0bnTCct6D99FPHul1ezTse5cS7jLQFsM/sendMessage "HTTP/1.1 200 OK"
2026-01-05 16:07:34,123 [INFO] HTTP Request: POST https://api.telegram.org/bot8084223298:AAF0bnTCct6D99FPHul1ezTse5cS7jLQFsM/pinChatMessage "HTTP/1.1 200 OK"
2026-01-05 16:07:34,125 [INFO] Messages sent. Shutting down.
2026-01-26 20:16:30,661 [INFO] -----------
2026-01-26 20:16:30,662 [INFO] Starting one-shot bot...
2026-01-26 20:16:30,881 [INFO] HTTP Request: POST https://api.telegram.org/bot8084223298:AAF0bnTCct6D99FPHul1ezTse5cS7jLQFsM/getMe "HTTP/1.1 200 OK"
2026-01-26 20:16:32,852 [INFO] 2026-01-26 20:16:32.851937
2026-01-26 20:16:32,852 [INFO] Weekly Report message request.
2026-01-26 20:16:32,923 [INFO] HTTP Request: POST https://api.telegram.org/bot8084223298:AAF0bnTCct6D99FPHul1ezTse5cS7jLQFsM/sendMessage "HTTP/1.1 200 OK"
2026-01-26 20:16:33,011 [INFO] HTTP Request: POST https://api.telegram.org/bot8084223298:AAF0bnTCct6D99FPHul1ezTse5cS7jLQFsM/pinChatMessage "HTTP/1.1 200 OK"
2026-01-26 20:16:33,011 [INFO] Messages sent. Shutting down.
2026-01-26 21:19:28,600 [INFO] -----------
2026-01-26 21:19:28,601 [INFO] Starting one-shot bot...
2026-01-26 21:19:28,839 [INFO] HTTP Request: POST https://api.telegram.org/bot8084223298:AAF0bnTCct6D99FPHul1ezTse5cS7jLQFsM/getMe "HTTP/1.1 200 OK"
2026-01-26 21:19:31,376 [INFO] 2026-01-26 21:19:31.376667
2026-01-26 21:19:31,376 [INFO] Weekly Report message request.
2026-01-26 21:19:31,501 [INFO] HTTP Request: POST https://api.telegram.org/bot8084223298:AAF0bnTCct6D99FPHul1ezTse5cS7jLQFsM/sendMessage "HTTP/1.1 200 OK"
2026-01-26 21:19:31,723 [INFO] HTTP Request: POST https://api.telegram.org/bot8084223298:AAF0bnTCct6D99FPHul1ezTse5cS7jLQFsM/pinChatMessage "HTTP/1.1 200 OK"
2026-01-26 21:19:31,724 [INFO] Messages sent. Shutting down.
2026-02-03 20:02:55,801 [INFO] -----------
2026-02-03 20:02:55,801 [INFO] Starting one-shot bot...
2026-02-03 20:02:56,028 [INFO] HTTP Request: POST https://api.telegram.org/bot8084223298:AAF0bnTCct6D99FPHul1ezTse5cS7jLQFsM/getMe "HTTP/1.1 200 OK"
2026-02-03 20:02:57,419 [INFO] 2026-02-03 20:02:57.419817
2026-02-03 20:02:57,420 [INFO] Weekly Report message request.
2026-02-03 20:02:57,511 [INFO] HTTP Request: POST https://api.telegram.org/bot8084223298:AAF0bnTCct6D99FPHul1ezTse5cS7jLQFsM/sendMessage "HTTP/1.1 200 OK"
2026-02-03 20:02:57,616 [INFO] HTTP Request: POST https://api.telegram.org/bot8084223298:AAF0bnTCct6D99FPHul1ezTse5cS7jLQFsM/pinChatMessage "HTTP/1.1 200 OK"
2026-02-03 20:02:57,617 [INFO] Messages sent. Shutting down.
